[2026-06-07 18:10:19] SERVER -> CLIENT: 220 smtp.gmail.com ESMTP d2e1a72fcca58-842828fe634sm15362056b3a.52 - gsmtp

[2026-06-07 18:10:19] CLIENT -> SERVER: EHLO localhost

[2026-06-07 18:10:19] SERVER -> CLIENT: 250-smtp.gmail.com at your service, [136.158.58.187]
250-SIZE 35882577
250-8BITMIME
250-STARTTLS
250-ENHANCEDSTATUSCODES
250-PIPELINING
250-CHUNKING
250 SMTPUTF8

[2026-06-07 18:10:19] CLIENT -> SERVER: STARTTLS

[2026-06-07 18:10:19] SERVER -> CLIENT: 220 2.0.0 Ready to start TLS

[2026-06-07 18:10:20] CLIENT -> SERVER: EHLO localhost

[2026-06-07 18:10:20] SERVER -> CLIENT: 250-smtp.gmail.com at your service, [136.158.58.187]
250-SIZE 35882577
250-8BITMIME
250-AUTH LOGIN PLAIN XOAUTH2 PLAIN-CLIENTTOKEN OAUTHBEARER XOAUTH
250-ENHANCEDSTATUSCODES
250-PIPELINING
250-CHUNKING
250 SMTPUTF8

[2026-06-07 18:10:20] CLIENT -> SERVER: AUTH LOGIN

[2026-06-07 18:10:20] SERVER -> CLIENT: 334 VXNlcm5hbWU6

[2026-06-07 18:10:20] CLIENT -> SERVER: [credentials hidden]
[2026-06-07 18:10:20] SERVER -> CLIENT: 334 UGFzc3dvcmQ6

[2026-06-07 18:10:20] CLIENT -> SERVER: [credentials hidden]
[2026-06-07 18:10:20] SERVER -> CLIENT: 535-5.7.8 Username and Password not accepted. For more information, go to
535 5.7.8  https://support.google.com/mail/?p=BadCredentials d2e1a72fcca58-842828fe634sm15362056b3a.52 - gsmtp

[2026-06-07 18:10:20] SMTP ERROR: Password command failed: 535-5.7.8 Username and Password not accepted. For more information, go to
535 5.7.8  https://support.google.com/mail/?p=BadCredentials d2e1a72fcca58-842828fe634sm15362056b3a.52 - gsmtp

[2026-06-07 18:10:20] SMTP Error: Could not authenticate.
[2026-06-07 18:10:20] CLIENT -> SERVER: QUIT

[2026-06-07 18:10:21] SERVER -> CLIENT: 221 2.0.0 closing connection d2e1a72fcca58-842828fe634sm15362056b3a.52 - gsmtp

[2026-06-07 18:10:21] SMTP Error: Could not authenticate.
[2026-06-07 18:10:21] ERROR: SMTP Error: Could not authenticate.
[2026-06-07 18:10:25] SERVER -> CLIENT: 220 smtp.gmail.com ESMTP d9443c01a7336-2c164f890b2sm154488435ad.26 - gsmtp

[2026-06-07 18:10:25] CLIENT -> SERVER: EHLO localhost

[2026-06-07 18:10:25] SERVER -> CLIENT: 250-smtp.gmail.com at your service, [136.158.58.187]
250-SIZE 35882577
250-8BITMIME
250-STARTTLS
250-ENHANCEDSTATUSCODES
250-PIPELINING
250-CHUNKING
250 SMTPUTF8

[2026-06-07 18:10:25] CLIENT -> SERVER: STARTTLS

[2026-06-07 18:10:26] SERVER -> CLIENT: 220 2.0.0 Ready to start TLS

[2026-06-07 18:10:26] CLIENT -> SERVER: EHLO localhost

[2026-06-07 18:10:26] SERVER -> CLIENT: 250-smtp.gmail.com at your service, [136.158.58.187]
250-SIZE 35882577
250-8BITMIME
250-AUTH LOGIN PLAIN XOAUTH2 PLAIN-CLIENTTOKEN OAUTHBEARER XOAUTH
250-ENHANCEDSTATUSCODES
250-PIPELINING
250-CHUNKING
250 SMTPUTF8

[2026-06-07 18:10:26] CLIENT -> SERVER: AUTH LOGIN

[2026-06-07 18:10:26] SERVER -> CLIENT: 334 VXNlcm5hbWU6

[2026-06-07 18:10:26] CLIENT -> SERVER: [credentials hidden]
[2026-06-07 18:10:26] SERVER -> CLIENT: 334 UGFzc3dvcmQ6

[2026-06-07 18:10:26] CLIENT -> SERVER: [credentials hidden]
[2026-06-07 18:10:27] SERVER -> CLIENT: 535-5.7.8 Username and Password not accepted. For more information, go to
535 5.7.8  https://support.google.com/mail/?p=BadCredentials d9443c01a7336-2c164f890b2sm154488435ad.26 - gsmtp

[2026-06-07 18:10:27] SMTP ERROR: Password command failed: 535-5.7.8 Username and Password not accepted. For more information, go to
535 5.7.8  https://support.google.com/mail/?p=BadCredentials d9443c01a7336-2c164f890b2sm154488435ad.26 - gsmtp

[2026-06-07 18:10:27] SMTP Error: Could not authenticate.
[2026-06-07 18:10:27] CLIENT -> SERVER: QUIT

[2026-06-07 18:10:27] SERVER -> CLIENT: 221 2.0.0 closing connection d9443c01a7336-2c164f890b2sm154488435ad.26 - gsmtp

[2026-06-07 18:10:27] SMTP Error: Could not authenticate.
[2026-06-07 18:10:27] ERROR: SMTP Error: Could not authenticate.
[2026-06-07 18:15:06] SERVER -> CLIENT: 220 smtp.gmail.com ESMTP d9443c01a7336-2c16649fab9sm153643895ad.79 - gsmtp

[2026-06-07 18:15:06] CLIENT -> SERVER: EHLO localhost

[2026-06-07 18:15:06] SERVER -> CLIENT: 250-smtp.gmail.com at your service, [136.158.58.187]
250-SIZE 35882577
250-8BITMIME
250-STARTTLS
250-ENHANCEDSTATUSCODES
250-PIPELINING
250-CHUNKING
250 SMTPUTF8

[2026-06-07 18:15:06] CLIENT -> SERVER: STARTTLS

[2026-06-07 18:15:07] SERVER -> CLIENT: 220 2.0.0 Ready to start TLS

[2026-06-07 18:15:07] CLIENT -> SERVER: EHLO localhost

[2026-06-07 18:15:07] SERVER -> CLIENT: 250-smtp.gmail.com at your service, [136.158.58.187]
250-SIZE 35882577
250-8BITMIME
250-AUTH LOGIN PLAIN XOAUTH2 PLAIN-CLIENTTOKEN OAUTHBEARER XOAUTH
250-ENHANCEDSTATUSCODES
250-PIPELINING
250-CHUNKING
250 SMTPUTF8

[2026-06-07 18:15:07] CLIENT -> SERVER: AUTH LOGIN

[2026-06-07 18:15:07] SERVER -> CLIENT: 334 VXNlcm5hbWU6

[2026-06-07 18:15:07] CLIENT -> SERVER: [credentials hidden]
[2026-06-07 18:15:07] SERVER -> CLIENT: 334 UGFzc3dvcmQ6

[2026-06-07 18:15:07] CLIENT -> SERVER: [credentials hidden]
[2026-06-07 18:15:07] SERVER -> CLIENT: 535-5.7.8 Username and Password not accepted. For more information, go to
535 5.7.8  https://support.google.com/mail/?p=BadCredentials d9443c01a7336-2c16649fab9sm153643895ad.79 - gsmtp

[2026-06-07 18:15:07] SMTP ERROR: Password command failed: 535-5.7.8 Username and Password not accepted. For more information, go to
535 5.7.8  https://support.google.com/mail/?p=BadCredentials d9443c01a7336-2c16649fab9sm153643895ad.79 - gsmtp

[2026-06-07 18:15:07] SMTP Error: Could not authenticate.
[2026-06-07 18:15:07] CLIENT -> SERVER: QUIT

[2026-06-07 18:15:08] SERVER -> CLIENT: 221 2.0.0 closing connection d9443c01a7336-2c16649fab9sm153643895ad.79 - gsmtp

[2026-06-07 18:15:08] SMTP Error: Could not authenticate.
[2026-06-07 18:15:08] ERROR: SMTP Error: Could not authenticate.
